
> the-atlas@0.1.0 build
> next build

node.exe :  ΓÜá Warning: Next.js inferred your workspace root, but it may not be correct.
At line:1 char:1
+ & "C:\Program Files\nodejs/node.exe" "C:\Users\spenc\AppData\Roaming\ ...
+ ~~~~~~~~~~~~~~~~~~~~~~~~~~~~~~~~~~~~~~~~~~~~~~~~~~~~~~~~~~~~~~~~~~~~~
    + CategoryInfo          : NotSpecified: ( ΓÜá Warning: N...not be correct.:String) [], RemoteException
    + FullyQualifiedErrorId : NativeCommandError
 
 We detected multiple lockfiles and selected the directory of C:\Users\spenc\.openclaw\workspace\package-lock.json as 
the root directory.
 To silence this warning, set `outputFileTracingRoot` in your Next.js config, or consider removing one of the 
lockfiles if it's not needed.
   See https://nextjs.org/docs/app/api-reference/config/next-config-js/output#caveats for more information.
 Detected additional lockfiles: 
   * C:\Users\spenc\.openclaw\workspace\agent-dashboard\package-lock.json

   Γû▓ Next.js 15.5.12
   - Environments: .env.local

   Creating an optimized production build ...
 Γ£ô Compiled successfully in 3.3s
   Linting and checking validity of types ...
   Collecting page data ...
   Generating static pages (0/15) ...
   Generating static pages (3/15) 
   Generating static pages (7/15) 
   Generating static pages (11/15) 
 Γ£ô Generating static pages (15/15)
   Finalizing page optimization ...
   Collecting build traces ...

Route (app)                                 Size  First Load JS
Γöî Γùï /                                     2.4 kB         116 kB
Γö£ Γùï /_not-found                            992 B         103 kB
Γö£ ╞Æ /api/context                           151 B         102 kB
Γö£ ╞Æ /api/gateway/restart                   151 B         102 kB
Γö£ ╞Æ /api/moltbook/comment/[post_id]        151 B         102 kB
Γö£ ╞Æ /api/moltbook/hot                      151 B         102 kB
Γö£ ╞Æ /api/moltbook/me                       151 B         102 kB
Γö£ ╞Æ /api/moltbook/upvote/[post_id]         151 B         102 kB
Γö£ ╞Æ /api/projects                          151 B         102 kB
Γö£ ╞Æ /api/queue                             151 B         102 kB
Γö£ ╞Æ /api/security/scan                     151 B         102 kB
Γö£ ╞Æ /api/subagents                         151 B         102 kB
Γö£ ╞Æ /api/subagents/clear-log               151 B         102 kB
Γö£ ╞Æ /api/subagents/preferences             151 B         102 kB
Γöö ╞Æ /api/tasks                             151 B         102 kB
+ First Load JS shared by all             102 kB
  Γö£ chunks/255-ebd51be49873d76c.js         46 kB
  Γö£ chunks/4bd1b696-c023c6e3521b1417.js  54.2 kB
  Γöö other shared chunks (total)          1.96 kB


Γùï  (Static)   prerendered as static content
╞Æ  (Dynamic)  server-rendered on demand

